<html>
<body>
<pre>
<h1>礦ision Build Log</h1>
<h2>Tool Versions:</h2>
IDE-Version: μVision V5.14.1
Copyright (C) 2015 ARM Ltd and ARM Germany GmbH. All rights reserved.
License Information: Cortex-M4, 1, LIC=DSN01-CWYP2-BXZUY-IXVWW-IPF1X-1WZUM
 
Tool Versions:
Toolchain:       MDK-ARM Professional  Version: 5.14.0.0
Toolchain Path:  C:\Keil_v5\ARM\ARMCC\Bin
C Compiler:      Armcc.exe V5.05 update 1 (build 106)
Assembler:       Armasm.exe V5.05 update 1 (build 106)
Linker/Locator:  ArmLink.exe V5.05 update 1 (build 106)
Library Manager: ArmAr.exe V5.05 update 1 (build 106)
Hex Converter:   FromElf.exe V5.05 update 1 (build 106)
CPU DLL:         SARMCM3.DLL V5.14.0.0
Dialog DLL:      DCM.DLL V1.13.1.0
Target DLL:      Segger\JL2CM3.dll V2.99.13.0
Dialog DLL:      TCM.DLL V1.14.4.0
 
<h2>Project:</h2>
A:\STM32F407ZGT6\5. 芯片驱动资料\ESP8266 WiFi\ATK-ESP8266 WIFI模块资料\2，程序源码\（库函数版本，适合探索者STM32F4开发板）扩展实验13 ATK-ESP8266WIFI模块实验\（库函数版本，适合探索者STM32F4开发板）扩展实验13 ATK-ESP8266WIFI模块实验\USER\ATK_ESP8266.uvprojx
Project File Date:  10/12/2017

<h2>Output:</h2>
*** Using Compiler 'V5.05 update 1 (build 106)', folder: 'C:\Keil_v5\ARM\ARMCC\Bin'
Build target 'Target 1'
compiling usart.c...
linking...
Program Size: Code=76980 RO-data=9088 RW-data=940 ZI-data=1226076  
FromELF: creating hex file...
"..\OBJ\ATK_ESP8266.axf" - 0 Error(s), 0 Warning(s).

<h2>Collection of Component include folders:</h2>
  A:\STM32F407ZGT6\5. 芯片驱动资料\ESP8266 WiFi\ATK-ESP8266 WIFI模块资料\2，程序源码\（库函数版本，适合探索者STM32F4开发板）扩展实验13 ATK-ESP8266WIFI模块实验\（库函数版本，适合探索者STM32F4开发板）扩展实验13 ATK-ESP8266WIFI模块实验\USER\RTE
  C:\Keil_v5\ARM\PACK\Keil\STM32F4xx_DFP\2.11.0\Drivers\CMSIS\Device\ST\STM32F4xx\Include

<h2>Collection of Component Files used:</h2>
</pre>
</body>
</html>
