<html>
<body>
<pre>
<h1>礦ision Build Log</h1>
<h2>Tool Versions:</h2>
IDE-Version: μVision V5.14.1
Copyright (C) 2015 ARM Ltd and ARM Germany GmbH. All rights reserved.
License Information: Cortex-M3, 1, LIC=DSN01-CWYP2-BXZUY-IXVWW-IPF1X-1WZUM
 
Tool Versions:
Toolchain:       MDK-ARM Professional  Version: 5.14.0.0
Toolchain Path:  C:\Keil_v5\ARM\ARMCC\Bin
C Compiler:      Armcc.exe V5.05 update 1 (build 106)
Assembler:       Armasm.exe V5.05 update 1 (build 106)
Linker/Locator:  ArmLink.exe V5.05 update 1 (build 106)
Library Manager: ArmAr.exe V5.05 update 1 (build 106)
Hex Converter:   FromElf.exe V5.05 update 1 (build 106)
CPU DLL:         SARMCM3.DLL V5.14.0.0
Dialog DLL:      DCM.DLL V1.13.1.0
Target DLL:      Segger\JL2CM3.dll V2.99.13.0
Dialog DLL:      TCM.DLL V1.14.4.0
 
<h2>Project:</h2>
A:\下载集合\13，ATK-ESP8266 WIFI模块资料\13，ATK-ESP8266 WIFI模块资料\2，程序源码\（库函数版本，适合MiniSTM32开发板）扩展实验13 ATK-ESP8266WIFI模块实验\（库函数版本，适合MiniSTM32开发板）扩展实验13 ATK-ESP8266WIFI模块实验\USER\test.uvprojx
Project File Date:  09/18/2017

<h2>Output:</h2>
*** Using Compiler 'V5.05 update 1 (build 106)', folder: 'C:\Keil_v5\ARM\ARMCC\Bin'
Build target 'Target 1'
compiling main.c...
compiling stm32f10x_it.c...
compiling system_stm32f10x.c...
compiling delay.c...
compiling sys.c...
compiling usart.c...
compiling core_cm3.c...
assembling startup_stm32f10x_hd.s...
compiling misc.c...
compiling stm32f10x_adc.c...
compiling stm32f10x_bkp.c...
compiling stm32f10x_can.c...
compiling stm32f10x_cec.c...
compiling stm32f10x_crc.c...
compiling stm32f10x_dac.c...
compiling stm32f10x_dbgmcu.c...
compiling stm32f10x_dma.c...
compiling stm32f10x_exti.c...
compiling stm32f10x_flash.c...
compiling stm32f10x_fsmc.c...
compiling stm32f10x_gpio.c...
compiling stm32f10x_i2c.c...
compiling stm32f10x_iwdg.c...
compiling stm32f10x_pwr.c...
compiling stm32f10x_rcc.c...
compiling stm32f10x_rtc.c...
compiling stm32f10x_sdio.c...
compiling stm32f10x_spi.c...
compiling stm32f10x_tim.c...
compiling stm32f10x_usart.c...
compiling stm32f10x_wwdg.c...
compiling 24cxx.c...
compiling key.c...
compiling flash.c...
compiling led.c...
compiling MMC_SD.C...
compiling spi.c...
compiling ctiic.c...
compiling ft5206.c...
compiling gt9147.c...
compiling ott2001a.c...
compiling touch.c...
compiling usart2.c...
compiling lcd.c...
compiling myiic.c...
compiling usmart.c...
compiling usmart_config.c...
compiling usmart_str.c...
compiling exfuns.c...
compiling fattester.c...
compiling mycc936.c...
compiling diskio.c...
compiling ff.c...
compiling fontupd.c...
compiling text.c...
compiling apsta.c...
compiling common.c...
compiling wifiap.c...
compiling wifista.c...
compiling malloc.c...
linking...
Program Size: Code=70646 RO-data=8930 RW-data=960 ZI-data=42032  
FromELF: creating hex file...
"..\OBJ\test.axf" - 0 Error(s), 0 Warning(s).

<h2>Collection of Component include folders:</h2>
  A:\下载集合\13，ATK-ESP8266 WIFI模块资料\13，ATK-ESP8266 WIFI模块资料\2，程序源码\（库函数版本，适合MiniSTM32开发板）扩展实验13 ATK-ESP8266WIFI模块实验\（库函数版本，适合MiniSTM32开发板）扩展实验13 ATK-ESP8266WIFI模块实验\USER\RTE
  C:\Keil_v5\ARM\PACK\Keil\STM32F1xx_DFP\1.0.5\Device\Include

<h2>Collection of Component Files used:</h2>
</pre>
</body>
</html>
