<html>
<body>
<pre>
<h1>µVision Build Log</h1>
<h2>Tool Versions:</h2>
IDE-Version: ¦ÌVision V5.14.1
Copyright (C) 2015 ARM Ltd and ARM Germany GmbH. All rights reserved.
License Information: Cortex-M4, 1, LIC=DSN01-CWYP2-BXZUY-IXVWW-IPF1X-1WZUM
 
Tool Versions:
Toolchain:       MDK-ARM Professional  Version: 5.14.0.0
Toolchain Path:  C:\Keil_v5\ARM\ARMCC\Bin
C Compiler:      Armcc.exe V5.05 update 1 (build 106)
Assembler:       Armasm.exe V5.05 update 1 (build 106)
Linker/Locator:  ArmLink.exe V5.05 update 1 (build 106)
Library Manager: ArmAr.exe V5.05 update 1 (build 106)
Hex Converter:   FromElf.exe V5.05 update 1 (build 106)
CPU DLL:         SARMCM3.DLL V5.14.0.0
Dialog DLL:      DCM.DLL V1.13.1.0
Target DLL:      STLink\ST-LINKIII-KEIL_SWO.dll V2.0.14.0_KEIL
Dialog DLL:      TCM.DLL V1.14.4.0
 
<h2>Project:</h2>
A:\STM32F407ZGT6\ÔÆÒ©ºÐÔ´Âë\STM32F407ZGT6_MDK\MDK-ARM\STM32F407ZGT6.uvprojx
Project File Date:  10/20/2017

<h2>Output:</h2>
*** Using Compiler 'V5.05 update 1 (build 106)', folder: 'C:\Keil_v5\ARM\ARMCC\Bin'
Build target 'Project'
compiling main.c...
compiling wifi.c...
linking...
Program Size: Code=10946 RO-data=978 RW-data=32 ZI-data=1112392  
FromELF: creating hex file...
".\Objects\STM32F407ZGT6.axf" - 0 Error(s), 0 Warning(s).

<h2>Collection of Component include folders:</h2>
  A:\STM32F407ZGT6\ÔÆÒ©ºÐÔ´Âë\STM32F407ZGT6_MDK\MDK-ARM\RTE
  C:\Keil_v5\ARM\PACK\Keil\STM32F4xx_DFP\2.11.0\Drivers\CMSIS\Device\ST\STM32F4xx\Include

<h2>Collection of Component Files used:</h2>
</pre>
</body>
</html>
